// Jest Snapshot v1, https://goo.gl/fbAQLP

exports[`renders Dashed Divider component correctly 1`] = `
<div
  className="dashed-divider"
/>
`;
