// Jest Snapshot v1, https://goo.gl/fbAQLP

exports[`renders Solid Divider component correctly 1`] = `
<div
  className="solid-divider"
/>
`;
